MPLINK 4.51, LINKER
Linker Map File - Created Sun Oct 30 12:10:01 2022

                                 Section Info
                  Section       Type    Address   Location Size(Bytes)
                ---------  ---------  ---------  ---------  ---------
                   .org_0       code   0x000000    program   0x000002
                   .cinit    romdata   0x000001    program   0x000004
                   .org_1       code   0x000005    program   0x000042
.config_2007_BUILD/DEFAULT/PRODUCTION/PRACTIC       code   0x002007    program   0x000002



                              Program Memory Usage 
                               Start         End      
                           ---------   ---------      
                            0x000000    0x000002      
                            0x000005    0x000025      
                            0x002007    0x002007      
            37 out of 1094 program addresses used, program memory utilization is 3%



                              Symbols - Sorted by Name
                     Name    Address   Location    Storage File                     
                ---------  ---------  ---------  --------- ---------                
                   Inicio   0x000005    program     static C:\Users\jesus\Documents\Micros\Practica9.X\Practica9.asm
                 Programa   0x00000a    program     static C:\Users\jesus\Documents\Micros\Practica9.X\Practica9.asm
                     R2ms   0x000010    program     static C:\Users\jesus\Documents\Micros\Practica9.X\Practica9.asm
                     R6ms   0x00001b    program     static C:\Users\jesus\Documents\Micros\Practica9.X\Practica9.asm
                    RESET   0x000000    program     static C:\Users\jesus\Documents\Micros\Practica9.X\Practica9.asm
             _.org_1_0017   0x000017    program     static C:\Users\jesus\Documents\Micros\Practica9.X\Practica9.asm
             _.org_1_0019   0x000019    program     static C:\Users\jesus\Documents\Micros\Practica9.X\Practica9.asm
             _.org_1_0022   0x000022    program     static C:\Users\jesus\Documents\Micros\Practica9.X\Practica9.asm
             _.org_1_0024   0x000024    program     static C:\Users\jesus\Documents\Micros\Practica9.X\Practica9.asm



                              Symbols - Sorted by Address
                     Name    Address   Location    Storage File                     
                ---------  ---------  ---------  --------- ---------                
                    RESET   0x000000    program     static C:\Users\jesus\Documents\Micros\Practica9.X\Practica9.asm
                   Inicio   0x000005    program     static C:\Users\jesus\Documents\Micros\Practica9.X\Practica9.asm
                 Programa   0x00000a    program     static C:\Users\jesus\Documents\Micros\Practica9.X\Practica9.asm
                     R2ms   0x000010    program     static C:\Users\jesus\Documents\Micros\Practica9.X\Practica9.asm
             _.org_1_0017   0x000017    program     static C:\Users\jesus\Documents\Micros\Practica9.X\Practica9.asm
             _.org_1_0019   0x000019    program     static C:\Users\jesus\Documents\Micros\Practica9.X\Practica9.asm
                     R6ms   0x00001b    program     static C:\Users\jesus\Documents\Micros\Practica9.X\Practica9.asm
             _.org_1_0022   0x000022    program     static C:\Users\jesus\Documents\Micros\Practica9.X\Practica9.asm
             _.org_1_0024   0x000024    program     static C:\Users\jesus\Documents\Micros\Practica9.X\Practica9.asm


