MPLINK 4.51, LINKER
Linker Map File - Created Sun Oct 16 23:57:45 2022

                                 Section Info
                  Section       Type    Address   Location Size(Bytes)
                ---------  ---------  ---------  ---------  ---------
                   .org_0       code   0x000000    program   0x000002
                   .cinit    romdata   0x000001    program   0x000004
                   .org_1       code   0x000005    program   0x00001c
.config_2007_BUILD/DEFAULT/PRODUCTION/PRACTIC       code   0x002007    program   0x000002



                              Program Memory Usage 
                               Start         End      
                           ---------   ---------      
                            0x000000    0x000002      
                            0x000005    0x000012      
                            0x002007    0x002007      
            18 out of 1094 program addresses used, program memory utilization is 1%



                              Symbols - Sorted by Name
                     Name    Address   Location    Storage File                     
                ---------  ---------  ---------  --------- ---------                
                   Inicio   0x000005    program     static C:\Users\jesus\Documents\Micros\Practica5.X\Practica5.asm
                Principal   0x00000b    program     static C:\Users\jesus\Documents\Micros\Practica5.X\Practica5.asm
                    RESET   0x000000    program     static C:\Users\jesus\Documents\Micros\Practica5.X\Practica5.asm
                     SWAP   0x000010    program     static C:\Users\jesus\Documents\Micros\Practica5.X\Practica5.asm



                              Symbols - Sorted by Address
                     Name    Address   Location    Storage File                     
                ---------  ---------  ---------  --------- ---------                
                    RESET   0x000000    program     static C:\Users\jesus\Documents\Micros\Practica5.X\Practica5.asm
                   Inicio   0x000005    program     static C:\Users\jesus\Documents\Micros\Practica5.X\Practica5.asm
                Principal   0x00000b    program     static C:\Users\jesus\Documents\Micros\Practica5.X\Practica5.asm
                     SWAP   0x000010    program     static C:\Users\jesus\Documents\Micros\Practica5.X\Practica5.asm


