MPLINK 4.51, LINKER
Linker Map File - Created Fri Dec 02 17:55:31 2022

                                 Section Info
                  Section       Type    Address   Location Size(Bytes)
                ---------  ---------  ---------  ---------  ---------
                   .org_0       code   0x000000    program   0x000002
                   .cinit    romdata   0x000001    program   0x000004
                   .org_1       code   0x000005    program   0x0001a0
.config_2007_BUILD/DEFAULT/PRODUCTION/PRACTIC       code   0x002007    program   0x000002



                              Program Memory Usage 
                               Start         End      
                           ---------   ---------      
                            0x000000    0x000002      
                            0x000005    0x0000d4      
                            0x002007    0x002007      
            212 out of 1094 program addresses used, program memory utilization is 19%



                              Symbols - Sorted by Name
                     Name    Address   Location    Storage File                     
                ---------  ---------  ---------  --------- ---------                
                 CARACTER   0x000058    program     static C:\Users\jesus\Downloads\Practica13a.X\Practica13a.asm
                   CAR_ES   0x000017    program     static C:\Users\jesus\Downloads\Practica13a.X\Practica13a.asm
                  CONTROL   0x00004f    program     static C:\Users\jesus\Downloads\Practica13a.X\Practica13a.asm
                     DATO   0x000046    program     static C:\Users\jesus\Downloads\Practica13a.X\Practica13a.asm
                   FRASE1   0x000022    program     static C:\Users\jesus\Downloads\Practica13a.X\Practica13a.asm
                   FRASE2   0x00002c    program     static C:\Users\jesus\Downloads\Practica13a.X\Practica13a.asm
                   INICIO   0x000005    program     static C:\Users\jesus\Downloads\Practica13a.X\Practica13a.asm
                     NAME   0x000037    program     static C:\Users\jesus\Downloads\Practica13a.X\Practica13a.asm
    R1Decima_BucleExterno   0x0000cb    program     static C:\Users\jesus\Downloads\Practica13a.X\RETARDOS.INC
   R1Decima_BucleExterno2   0x0000c9    program     static C:\Users\jesus\Downloads\Practica13a.X\RETARDOS.INC
    R1Decima_BucleInterno   0x0000cd    program     static C:\Users\jesus\Downloads\Practica13a.X\RETARDOS.INC
        R1ms_BucleExterno   0x0000b5    program     static C:\Users\jesus\Downloads\Practica13a.X\RETARDOS.INC
        R1ms_BucleInterno   0x0000b7    program     static C:\Users\jesus\Downloads\Practica13a.X\RETARDOS.INC
                    REINI   0x00001f    program     static C:\Users\jesus\Downloads\Practica13a.X\Practica13a.asm
                    RESET   0x000000    program     static C:\Users\jesus\Downloads\Practica13a.X\Practica13a.asm
            RetardoMicros   0x0000a1    program     static C:\Users\jesus\Downloads\Practica13a.X\RETARDOS.INC
        Retardo_100micros   0x00009b    program     static C:\Users\jesus\Downloads\Practica13a.X\RETARDOS.INC
            Retardo_100ms   0x0000a7    program     static C:\Users\jesus\Downloads\Practica13a.X\RETARDOS.INC
         Retardo_10micros   0x00008e    program     static C:\Users\jesus\Downloads\Practica13a.X\RETARDOS.INC
             Retardo_10ms   0x0000ad    program     static C:\Users\jesus\Downloads\Practica13a.X\RETARDOS.INC
              Retardo_10s   0x0000bf    program     static C:\Users\jesus\Downloads\Practica13a.X\RETARDOS.INC
          Retardo_1Decima   0x0000c8    program     static C:\Users\jesus\Downloads\Practica13a.X\RETARDOS.INC
              Retardo_1ms   0x0000b3    program     static C:\Users\jesus\Downloads\Practica13a.X\RETARDOS.INC
               Retardo_1s   0x0000c5    program     static C:\Users\jesus\Downloads\Practica13a.X\RETARDOS.INC
        Retardo_200micros   0x000098    program     static C:\Users\jesus\Downloads\Practica13a.X\RETARDOS.INC
            Retardo_200ms   0x0000a5    program     static C:\Users\jesus\Downloads\Practica13a.X\RETARDOS.INC
         Retardo_20micros   0x0000a0    program     static C:\Users\jesus\Downloads\Practica13a.X\RETARDOS.INC
             Retardo_20ms   0x0000ab    program     static C:\Users\jesus\Downloads\Practica13a.X\RETARDOS.INC
              Retardo_20s   0x0000bd    program     static C:\Users\jesus\Downloads\Practica13a.X\RETARDOS.INC
              Retardo_2ms   0x0000b1    program     static C:\Users\jesus\Downloads\Practica13a.X\RETARDOS.INC
               Retardo_2s   0x0000c3    program     static C:\Users\jesus\Downloads\Practica13a.X\RETARDOS.INC
          Retardo_4micros   0x000094    program     static C:\Users\jesus\Downloads\Practica13a.X\RETARDOS.INC
        Retardo_500micros   0x000095    program     static C:\Users\jesus\Downloads\Practica13a.X\RETARDOS.INC
            Retardo_500ms   0x0000c7    program     static C:\Users\jesus\Downloads\Practica13a.X\RETARDOS.INC
         Retardo_50micros   0x00009d    program     static C:\Users\jesus\Downloads\Practica13a.X\RETARDOS.INC
             Retardo_50ms   0x0000a9    program     static C:\Users\jesus\Downloads\Practica13a.X\RETARDOS.INC
          Retardo_5micros   0x000093    program     static C:\Users\jesus\Downloads\Practica13a.X\RETARDOS.INC
              Retardo_5ms   0x0000af    program     static C:\Users\jesus\Downloads\Practica13a.X\RETARDOS.INC
               Retardo_5s   0x0000c1    program     static C:\Users\jesus\Downloads\Practica13a.X\RETARDOS.INC
              Retardos_ms   0x0000b4    program     static C:\Users\jesus\Downloads\Practica13a.X\RETARDOS.INC
            Rmicros_Bucle   0x0000a2    program     static C:\Users\jesus\Downloads\Practica13a.X\RETARDOS.INC
                    TABLA   0x000060    program     static C:\Users\jesus\Downloads\Practica13a.X\Practica13a.asm



                              Symbols - Sorted by Address
                     Name    Address   Location    Storage File                     
                ---------  ---------  ---------  --------- ---------                
                    RESET   0x000000    program     static C:\Users\jesus\Downloads\Practica13a.X\Practica13a.asm
                   INICIO   0x000005    program     static C:\Users\jesus\Downloads\Practica13a.X\Practica13a.asm
                   CAR_ES   0x000017    program     static C:\Users\jesus\Downloads\Practica13a.X\Practica13a.asm
                    REINI   0x00001f    program     static C:\Users\jesus\Downloads\Practica13a.X\Practica13a.asm
                   FRASE1   0x000022    program     static C:\Users\jesus\Downloads\Practica13a.X\Practica13a.asm
                   FRASE2   0x00002c    program     static C:\Users\jesus\Downloads\Practica13a.X\Practica13a.asm
                     NAME   0x000037    program     static C:\Users\jesus\Downloads\Practica13a.X\Practica13a.asm
                     DATO   0x000046    program     static C:\Users\jesus\Downloads\Practica13a.X\Practica13a.asm
                  CONTROL   0x00004f    program     static C:\Users\jesus\Downloads\Practica13a.X\Practica13a.asm
                 CARACTER   0x000058    program     static C:\Users\jesus\Downloads\Practica13a.X\Practica13a.asm
                    TABLA   0x000060    program     static C:\Users\jesus\Downloads\Practica13a.X\Practica13a.asm
         Retardo_10micros   0x00008e    program     static C:\Users\jesus\Downloads\Practica13a.X\RETARDOS.INC
          Retardo_5micros   0x000093    program     static C:\Users\jesus\Downloads\Practica13a.X\RETARDOS.INC
          Retardo_4micros   0x000094    program     static C:\Users\jesus\Downloads\Practica13a.X\RETARDOS.INC
        Retardo_500micros   0x000095    program     static C:\Users\jesus\Downloads\Practica13a.X\RETARDOS.INC
        Retardo_200micros   0x000098    program     static C:\Users\jesus\Downloads\Practica13a.X\RETARDOS.INC
        Retardo_100micros   0x00009b    program     static C:\Users\jesus\Downloads\Practica13a.X\RETARDOS.INC
         Retardo_50micros   0x00009d    program     static C:\Users\jesus\Downloads\Practica13a.X\RETARDOS.INC
         Retardo_20micros   0x0000a0    program     static C:\Users\jesus\Downloads\Practica13a.X\RETARDOS.INC
            RetardoMicros   0x0000a1    program     static C:\Users\jesus\Downloads\Practica13a.X\RETARDOS.INC
            Rmicros_Bucle   0x0000a2    program     static C:\Users\jesus\Downloads\Practica13a.X\RETARDOS.INC
            Retardo_200ms   0x0000a5    program     static C:\Users\jesus\Downloads\Practica13a.X\RETARDOS.INC
            Retardo_100ms   0x0000a7    program     static C:\Users\jesus\Downloads\Practica13a.X\RETARDOS.INC
             Retardo_50ms   0x0000a9    program     static C:\Users\jesus\Downloads\Practica13a.X\RETARDOS.INC
             Retardo_20ms   0x0000ab    program     static C:\Users\jesus\Downloads\Practica13a.X\RETARDOS.INC
             Retardo_10ms   0x0000ad    program     static C:\Users\jesus\Downloads\Practica13a.X\RETARDOS.INC
              Retardo_5ms   0x0000af    program     static C:\Users\jesus\Downloads\Practica13a.X\RETARDOS.INC
              Retardo_2ms   0x0000b1    program     static C:\Users\jesus\Downloads\Practica13a.X\RETARDOS.INC
              Retardo_1ms   0x0000b3    program     static C:\Users\jesus\Downloads\Practica13a.X\RETARDOS.INC
              Retardos_ms   0x0000b4    program     static C:\Users\jesus\Downloads\Practica13a.X\RETARDOS.INC
        R1ms_BucleExterno   0x0000b5    program     static C:\Users\jesus\Downloads\Practica13a.X\RETARDOS.INC
        R1ms_BucleInterno   0x0000b7    program     static C:\Users\jesus\Downloads\Practica13a.X\RETARDOS.INC
              Retardo_20s   0x0000bd    program     static C:\Users\jesus\Downloads\Practica13a.X\RETARDOS.INC
              Retardo_10s   0x0000bf    program     static C:\Users\jesus\Downloads\Practica13a.X\RETARDOS.INC
               Retardo_5s   0x0000c1    program     static C:\Users\jesus\Downloads\Practica13a.X\RETARDOS.INC
               Retardo_2s   0x0000c3    program     static C:\Users\jesus\Downloads\Practica13a.X\RETARDOS.INC
               Retardo_1s   0x0000c5    program     static C:\Users\jesus\Downloads\Practica13a.X\RETARDOS.INC
            Retardo_500ms   0x0000c7    program     static C:\Users\jesus\Downloads\Practica13a.X\RETARDOS.INC
          Retardo_1Decima   0x0000c8    program     static C:\Users\jesus\Downloads\Practica13a.X\RETARDOS.INC
   R1Decima_BucleExterno2   0x0000c9    program     static C:\Users\jesus\Downloads\Practica13a.X\RETARDOS.INC
    R1Decima_BucleExterno   0x0000cb    program     static C:\Users\jesus\Downloads\Practica13a.X\RETARDOS.INC
    R1Decima_BucleInterno   0x0000cd    program     static C:\Users\jesus\Downloads\Practica13a.X\RETARDOS.INC


