MPLINK 4.51, LINKER
Linker Map File - Created Thu Nov 10 14:02:32 2022

                                 Section Info
                  Section       Type    Address   Location Size(Bytes)
                ---------  ---------  ---------  ---------  ---------
                   .org_0       code   0x000000    program   0x000002
                   .cinit    romdata   0x000001    program   0x000004
                   .org_1       code   0x000005    program   0x000042
.config_2007_BUILD/DEFAULT/PRODUCTION/PRACTIC       code   0x002007    program   0x000002



                              Program Memory Usage 
                               Start         End      
                           ---------   ---------      
                            0x000000    0x000002      
                            0x000005    0x000025      
                            0x002007    0x002007      
            37 out of 1094 program addresses used, program memory utilization is 3%



                              Symbols - Sorted by Name
                     Name    Address   Location    Storage File                     
                ---------  ---------  ---------  --------- ---------                
              ChecaBoton1   0x00000d    program     static C:\Users\jesus\Documents\Micros\Practica6.X\Practica6.asm
              ChecaBoton2   0x000010    program     static C:\Users\jesus\Documents\Micros\Practica6.X\Practica6.asm
                   Inicio   0x000005    program     static C:\Users\jesus\Documents\Micros\Practica6.X\Practica6.asm
                    RESET   0x000000    program     static C:\Users\jesus\Documents\Micros\Practica6.X\Practica6.asm
                    Resta   0x00001d    program     static C:\Users\jesus\Documents\Micros\Practica6.X\Practica6.asm
                     Suma   0x000013    program     static C:\Users\jesus\Documents\Micros\Practica6.X\Practica6.asm



                              Symbols - Sorted by Address
                     Name    Address   Location    Storage File                     
                ---------  ---------  ---------  --------- ---------                
                    RESET   0x000000    program     static C:\Users\jesus\Documents\Micros\Practica6.X\Practica6.asm
                   Inicio   0x000005    program     static C:\Users\jesus\Documents\Micros\Practica6.X\Practica6.asm
              ChecaBoton1   0x00000d    program     static C:\Users\jesus\Documents\Micros\Practica6.X\Practica6.asm
              ChecaBoton2   0x000010    program     static C:\Users\jesus\Documents\Micros\Practica6.X\Practica6.asm
                     Suma   0x000013    program     static C:\Users\jesus\Documents\Micros\Practica6.X\Practica6.asm
                    Resta   0x00001d    program     static C:\Users\jesus\Documents\Micros\Practica6.X\Practica6.asm


